Siva priya@Lenovo MINGW64 ~/Documents/training (master)
$ git config --global user.name "muthukumar96"

Siva priya@Lenovo MINGW64 ~/Documents/training (master)
$ git config --global user.email "selvammuthukumar123@gmail.com"

Siva priya@Lenovo MINGW64 ~/Documents/training (master)
$ git clone https://github.com/muthukumar96/devopstraining.git
Cloning into 'devopstraining'...
remote: Counting objects: 3, done.
remote: Total 3 (delta 0), reused 0 (delta 0), pack-reused 0
Unpacking objects: 100% (3/3), done.

Siva priya@Lenovo MINGW64 ~/Documents/training (master)
$ ^C

Siva priya@Lenovo MINGW64 ~/Documents/training (master)
$ git status
On branch master

No commits yet

Untracked files:
  (use "git add <file>..." to include in what will be committed)

        devopstraining/

nothing added to commit but untracked files present (use "git add" to track)

Siva priya@Lenovo MINGW64 ~/Documents/training (master)
$ cd devopstraining/

Siva priya@Lenovo MINGW64 ~/Documents/training/devopstraining (master)
$ git status
On branch master
Your branch is up to date with 'origin/master'.

Untracked files:
  (use "git add <file>..." to include in what will be committed)

        commands.txt

nothing added to commit but untracked files present (use "git add" to track)

Siva priya@Lenovo MINGW64 ~/Documents/training/devopstraining (master)
$ git add .

Siva priya@Lenovo MINGW64 ~/Documents/training/devopstraining (master)
$ git status
On branch master
Your branch is up to date with 'origin/master'.

Changes to be committed:
  (use "git reset HEAD <file>..." to unstage)

        new file:   commands.txt


Siva priya@Lenovo MINGW64 ~/Documents/training/devopstraining (master)
$ git commit -m first commit
error: pathspec 'commit' did not match any file(s) known to git.

Siva priya@Lenovo MINGW64 ~/Documents/training/devopstraining (master)
$ git commit -m "first commit"
[master dd59456] first commit
 1 file changed, 17 insertions(+)
 create mode 100644 commands.txt

Siva priya@Lenovo MINGW64 ~/Documents/training/devopstraining (master)
$ git push
Enumerating objects: 4, done.
Counting objects: 100% (4/4), done.
Delta compression using up to 2 threads.
Compressing objects: 100% (3/3), done.
Writing objects: 100% (3/3), 532 bytes | 266.00 KiB/s, done.
Total 3 (delta 0), reused 0 (delta 0)
To https://github.com/muthukumar96/devopstraining.git
   38f78ab..dd59456  master -> master

Siva priya@Lenovo MINGW64 ~/Documents/training/devopstraining (master)
$ git status
On branch master
Your branch is up to date with 'origin/master'.

Changes not staged for commit:
  (use "git add <file>..." to update what will be committed)
  (use "git checkout -- <file>..." to discard changes in working directory)

        modified:   commands.txt

no changes added to commit (use "git add" and/or "git commit -a")

Siva priya@Lenovo MINGW64 ~/Documents/training/devopstraining (master)
$ git add .

Siva priya@Lenovo MINGW64 ~/Documents/training/devopstraining (master)
$ git status
On branch master
Your branch is up to date with 'origin/master'.

Changes to be committed:
  (use "git reset HEAD <file>..." to unstage)

        modified:   commands.txt


Siva priya@Lenovo MINGW64 ~/Documents/training/devopstraining (master)
$ git commit -m "second commit"
[master d1f2d25] second commit
 1 file changed, 1 insertion(+), 1 deletion(-)

Siva priya@Lenovo MINGW64 ~/Documents/training/devopstraining (master)
$ git push
Enumerating objects: 5, done.
Counting objects: 100% (5/5), done.
Delta compression using up to 2 threads.
Compressing objects: 100% (3/3), done.
Writing objects: 100% (3/3), 314 bytes | 314.00 KiB/s, done.
Total 3 (delta 1), reused 0 (delta 0)
remote: Resolving deltas: 100% (1/1), completed with 1 local object.
To https://github.com/muthukumar96/devopstraining.git
   dd59456..d1f2d25  master -> master

Siva priya@Lenovo MINGW64 ~/Documents/training/devopstraining (master)
$ git pull
Already up to date.

Siva priya@Lenovo MINGW64 ~/Documents/training/devopstraining (master)
$ git status
On branch master
Your branch is up to date with 'origin/master'.

Changes not staged for commit:
  (use "git add/rm <file>..." to update what will be committed)
  (use "git checkout -- <file>..." to discard changes in working directory)

        deleted:    commands.txt

no changes added to commit (use "git add" and/or "git commit -a")

Siva priya@Lenovo MINGW64 ~/Documents/training/devopstraining (master)
$ git add .

Siva priya@Lenovo MINGW64 ~/Documents/training/devopstraining (master)
$ git commit -m "deleted"
[master 8307301] deleted
 1 file changed, 17 deletions(-)
 delete mode 100644 commands.txt

Siva priya@Lenovo MINGW64 ~/Documents/training/devopstraining (master)
$ git push
Enumerating objects: 3, done.
Counting objects: 100% (3/3), done.
Delta compression using up to 2 threads.
Compressing objects: 100% (1/1), done.
Writing objects: 100% (2/2), 232 bytes | 232.00 KiB/s, done.
Total 2 (delta 0), reused 0 (delta 0)
To https://github.com/muthukumar96/devopstraining.git
   d1f2d25..8307301  master -> master

Siva priya@Lenovo MINGW64 ~/Documents/training/devopstraining (master)
$
